==26166== Memcheck, a memory error detector
==26166== Copyright (C) 2002-2017, and GNU GPL'd, by Julian Seward et al.
==26166== Using Valgrind-3.18.1 and LibVEX; rerun with -h for copyright info
==26166== Command: ./minishell
==26166== Parent PID: 26162
==26166== 
==26167== 
==26167== HEAP SUMMARY:
==26167==     in use at exit: 208,462 bytes in 241 blocks
==26167==   total heap usage: 680 allocs, 439 frees, 256,477 bytes allocated
==26167== 
==26167== LEAK SUMMARY:
==26167==    definitely lost: 0 bytes in 0 blocks
==26167==    indirectly lost: 0 bytes in 0 blocks
==26167==      possibly lost: 0 bytes in 0 blocks
==26167==    still reachable: 0 bytes in 0 blocks
==26167==         suppressed: 208,462 bytes in 241 blocks
==26167== 
==26167== For lists of detected and suppressed errors, rerun with: -s
==26167== ERROR SUMMARY: 0 errors from 0 contexts (suppressed: 0 from 0)
==26171== 
==26171== HEAP SUMMARY:
==26171==     in use at exit: 208,527 bytes in 244 blocks
==26171==   total heap usage: 737 allocs, 493 frees, 257,230 bytes allocated
==26171== 
==26171== LEAK SUMMARY:
==26171==    definitely lost: 0 bytes in 0 blocks
==26171==    indirectly lost: 0 bytes in 0 blocks
==26171==      possibly lost: 0 bytes in 0 blocks
==26171==    still reachable: 0 bytes in 0 blocks
==26171==         suppressed: 208,527 bytes in 244 blocks
==26171== 
==26171== For lists of detected and suppressed errors, rerun with: -s
==26171== ERROR SUMMARY: 0 errors from 0 contexts (suppressed: 0 from 0)
==26169== 
==26169== HEAP SUMMARY:
==26169==     in use at exit: 208,527 bytes in 244 blocks
==26169==   total heap usage: 737 allocs, 493 frees, 257,230 bytes allocated
==26169== 
==26169== LEAK SUMMARY:
==26169==    definitely lost: 0 bytes in 0 blocks
==26169==    indirectly lost: 0 bytes in 0 blocks
==26169==      possibly lost: 0 bytes in 0 blocks
==26169==    still reachable: 0 bytes in 0 blocks
==26169==         suppressed: 208,527 bytes in 244 blocks
==26169== 
==26169== For lists of detected and suppressed errors, rerun with: -s
==26169== ERROR SUMMARY: 0 errors from 0 contexts (suppressed: 0 from 0)
==26176== 
==26176== HEAP SUMMARY:
==26176==     in use at exit: 208,909 bytes in 265 blocks
==26176==   total heap usage: 1,024 allocs, 759 frees, 261,135 bytes allocated
==26176== 
==26176== LEAK SUMMARY:
==26176==    definitely lost: 0 bytes in 0 blocks
==26176==    indirectly lost: 0 bytes in 0 blocks
==26176==      possibly lost: 0 bytes in 0 blocks
==26176==    still reachable: 0 bytes in 0 blocks
==26176==         suppressed: 208,909 bytes in 265 blocks
==26176== 
==26176== For lists of detected and suppressed errors, rerun with: -s
==26176== ERROR SUMMARY: 0 errors from 0 contexts (suppressed: 0 from 0)
==26178== 
==26178== HEAP SUMMARY:
==26178==     in use at exit: 209,014 bytes in 271 blocks
==26178==   total heap usage: 1,102 allocs, 831 frees, 262,038 bytes allocated
==26178== 
==26178== LEAK SUMMARY:
==26178==    definitely lost: 0 bytes in 0 blocks
==26178==    indirectly lost: 0 bytes in 0 blocks
==26178==      possibly lost: 0 bytes in 0 blocks
==26178==    still reachable: 0 bytes in 0 blocks
==26178==         suppressed: 209,014 bytes in 271 blocks
==26178== 
==26178== For lists of detected and suppressed errors, rerun with: -s
==26178== ERROR SUMMARY: 0 errors from 0 contexts (suppressed: 0 from 0)
==26187== 
==26187== HEAP SUMMARY:
==26187==     in use at exit: 209,252 bytes in 283 blocks
==26187==   total heap usage: 1,294 allocs, 1,011 frees, 264,563 bytes allocated
==26187== 
==26187== LEAK SUMMARY:
==26187==    definitely lost: 0 bytes in 0 blocks
==26187==    indirectly lost: 0 bytes in 0 blocks
==26187==      possibly lost: 0 bytes in 0 blocks
==26187==    still reachable: 0 bytes in 0 blocks
==26187==         suppressed: 209,252 bytes in 283 blocks
==26187== 
==26187== For lists of detected and suppressed errors, rerun with: -s
==26187== ERROR SUMMARY: 0 errors from 0 contexts (suppressed: 0 from 0)
==26256== 
==26256== HEAP SUMMARY:
==26256==     in use at exit: 209,517 bytes in 301 blocks
==26256==   total heap usage: 1,512 allocs, 1,211 frees, 267,770 bytes allocated
==26256== 
==26256== LEAK SUMMARY:
==26256==    definitely lost: 0 bytes in 0 blocks
==26256==    indirectly lost: 0 bytes in 0 blocks
==26256==      possibly lost: 0 bytes in 0 blocks
==26256==    still reachable: 0 bytes in 0 blocks
==26256==         suppressed: 209,517 bytes in 301 blocks
==26256== 
==26256== For lists of detected and suppressed errors, rerun with: -s
==26256== ERROR SUMMARY: 0 errors from 0 contexts (suppressed: 0 from 0)
==26257== 
==26257== HEAP SUMMARY:
==26257==     in use at exit: 209,559 bytes in 304 blocks
==26257==   total heap usage: 1,535 allocs, 1,231 frees, 268,025 bytes allocated
==26257== 
==26257== LEAK SUMMARY:
==26257==    definitely lost: 0 bytes in 0 blocks
==26257==    indirectly lost: 0 bytes in 0 blocks
==26257==      possibly lost: 0 bytes in 0 blocks
==26257==    still reachable: 0 bytes in 0 blocks
==26257==         suppressed: 209,559 bytes in 304 blocks
==26257== 
==26257== For lists of detected and suppressed errors, rerun with: -s
==26257== ERROR SUMMARY: 0 errors from 0 contexts (suppressed: 0 from 0)
==26166== 
==26166== HEAP SUMMARY:
==26166==     in use at exit: 208,183 bytes in 222 blocks
==26166==   total heap usage: 1,493 allocs, 1,271 frees, 266,782 bytes allocated
==26166== 
==26166== LEAK SUMMARY:
==26166==    definitely lost: 0 bytes in 0 blocks
==26166==    indirectly lost: 0 bytes in 0 blocks
==26166==      possibly lost: 0 bytes in 0 blocks
==26166==    still reachable: 0 bytes in 0 blocks
==26166==         suppressed: 208,183 bytes in 222 blocks
==26166== 
==26166== For lists of detected and suppressed errors, rerun with: -s
==26166== ERROR SUMMARY: 0 errors from 0 contexts (suppressed: 0 from 0)
